// Jest Snapshot v1, https://goo.gl/fbAQLP

exports[`CreateAnswer renders correctly 1`] = `
<div
  className="CreateAnswer"
>
  <form
    onSubmit={[Function]}
  >
    <textarea
      name="body"
      onChange={[Function]}
      placeholder="Write somethingâ€¦"
      required={true}
      value=""
    />
    <br />
    <input
      type="submit"
      value="Submit"
    />
  </form>
</div>
`;
