// Jest Snapshot v1, https://goo.gl/fbAQLP

exports[`Question renders correctly 1`] = `
<article
  className="Question"
>
  <header>
    <h3>
      titolo della domanda
    </h3>
    <h4>
      opened by 
      utente
    </h4>
  </header>
  <p>
    corpo della domanda
  </p>
</article>
`;
